---
source: hydro_test/src/distributed/first_ten.rs
expression: built.ir()
---
[
    ForEach {
        f: q!(| n | println!("hi: {:?}", n)),
        input: Network {
            from_key: Some(
                0,
            ),
            to_location: Process(
                1,
            ),
            to_key: None,
            serialize_fn: None,
            instantiate_fn: <network instantiate>,
            deserialize_fn: Some(
                | res | { hydro_lang :: runtime_support :: binc...,
            ),
            input: Source {
                source: ExternalNetwork,
                location_kind: ExternalProcess(
                    0,
                ),
                metadata: HydroIrMetadata {
                    location_kind: ExternalProcess(
                        0,
                    ),
                    output_type: Some(
                        std :: string :: String,
                    ),
                    cardinality: None,
                    cpu_usage: None,
                    network_recv_cpu_usage: None,
                    id: None,
                },
            },
            metadata: HydroIrMetadata {
                location_kind: Process(
                    1,
                ),
                output_type: Some(
                    std :: string :: String,
                ),
                cardinality: None,
                cpu_usage: None,
                network_recv_cpu_usage: None,
                id: None,
            },
        },
        metadata: HydroIrMetadata {
            location_kind: Process(
                1,
            ),
            output_type: Some(
                std :: string :: String,
            ),
            cardinality: None,
            cpu_usage: None,
            network_recv_cpu_usage: None,
            id: None,
        },
    },
    ForEach {
        f: q!(| n | println!("{}", n.n)),
        input: Network {
            from_key: None,
            to_location: Process(
                2,
            ),
            to_key: None,
            serialize_fn: Some(
                q!(...),
            ),
            instantiate_fn: <network instantiate>,
            deserialize_fn: Some(
                | res | { hydro_lang :: runtime_support :: binc...,
            ),
            input: Map {
                f: q!(| n | SendOverNetwork { n }),
                input: Source {
                    source: Iter(
                        { use crate :: __staged :: __deps :: * ; use cr...,
                    ),
                    location_kind: Process(
                        1,
                    ),
                    metadata: HydroIrMetadata {
                        location_kind: Process(
                            1,
                        ),
                        output_type: Some(
                            u32,
                        ),
                        cardinality: None,
                        cpu_usage: None,
                        network_recv_cpu_usage: None,
                        id: None,
                    },
                },
                metadata: HydroIrMetadata {
                    location_kind: Process(
                        1,
                    ),
                    output_type: Some(
                        hydro_test :: __staged :: distributed :: first_ten :: SendOverNetwork,
                    ),
                    cardinality: None,
                    cpu_usage: None,
                    network_recv_cpu_usage: None,
                    id: None,
                },
            },
            metadata: HydroIrMetadata {
                location_kind: Process(
                    2,
                ),
                output_type: Some(
                    hydro_test :: __staged :: distributed :: first_ten :: SendOverNetwork,
                ),
                cardinality: None,
                cpu_usage: None,
                network_recv_cpu_usage: None,
                id: None,
            },
        },
        metadata: HydroIrMetadata {
            location_kind: Process(
                2,
            ),
            output_type: Some(
                hydro_test :: __staged :: distributed :: first_ten :: SendOverNetwork,
            ),
            cardinality: None,
            cpu_usage: None,
            network_recv_cpu_usage: None,
            id: None,
        },
    },
]
