---
source: hydro_verus_tests/tests/verus_rejects.rs
expression: "format!(\"{}\\n{}\", verification_results(&stdout), verus_diagnostics(&stderr))"
---
verification results:: 22 verified, 1 errors
error: assertion failed
   --> hydro_verus_tests/src/lib.rs:734:34
    |
734 |                       idempotent = verus_proof_idempotent_effect!(
    |  __________________________________^
735 | |                         item = u32,
736 | |                         captures_mut = |parity_mut: bool|
737 | |                     )
    | |_____________________^ assertion failed
    |
    = note: this error originates in the macro `verus_proof_idempotent_effect` (in Nightly builds, run with -Z macro-backtrace for more info)
error: could not compile `hydro_verus_tests` (lib) due to 1 previous error
