---
source: hydro_verus_tests/tests/verus_rejects.rs
expression: "format!(\"{}\\n{}\", verification_results(&stdout), verus_diagnostics(&stderr))"
---
verification results:: 9 verified, 1 errors
error: assertion failed
   --> hydro_verus_tests/src/lib.rs:284:35
    |
284 |                       commutative = verus_proof_commutative_map!(
    |  ___________________________________^
285 | |                         item = i32,
286 | |                         captures_mut = |last_mut: i32|
287 | |                     )
    | |_____________________^ assertion failed
    |
    = note: this error originates in the macro `verus_proof_commutative_map` (in Nightly builds, run with -Z macro-backtrace for more info)
error: could not compile `hydro_verus_tests` (lib) due to 1 previous error
