---
source: hydro_optimize/src/decoupler.rs
expression: ir
---
[
    ForEach {
        f: q!(| a | println!("Got it: {}", a)),
        input: Map {
            f: q!(| (_, b) | b),
            input: Network {
                from_key: None,
                to_location: Cluster(
                    1,
                ),
                to_key: None,
                serialize_fn: None,
                instantiate_fn: <network instantiate>,
                deserialize_fn: Some(
                    | res | { let (id , b) = res . unwrap () ; (hyd...,
                ),
                input: FlatMap {
                    f: q!(| v | { ids__free.iter ().map (move | id | (id.raw_id, v.clone ())) }),
                    input: Map {
                        f: q!(| v | bincode::serialize (& v).unwrap ().into ()),
                        input: Map {
                            f: q!(| a | a + 1),
                            input: Map {
                                f: | (_ , b) | b,
                                input: Network {
                                    from_key: None,
                                    to_location: Cluster(
                                        2,
                                    ),
                                    to_key: None,
                                    serialize_fn: Some(
                                        q!(...),
                                    ),
                                    instantiate_fn: <network instantiate>,
                                    deserialize_fn: Some(
                                        | res | { let (id , b) = res . unwrap () ; (hyd...,
                                    ),
                                    input: Map {
                                        f: | b | (ClusterId :: < () > :: from_raw (__hydro...,
                                        input: Source {
                                            source: Iter(
                                                { use crate :: __staged :: __deps :: * ; use cr...,
                                            ),
                                            location_kind: Cluster(
                                                0,
                                            ),
                                            metadata: HydroIrMetadata {
                                                location_kind: Cluster(
                                                    0,
                                                ),
                                                output_type: Some(
                                                    i32,
                                                ),
                                                cardinality: None,
                                                cpu_usage: None,
                                                network_recv_cpu_usage: None,
                                                id: Some(
                                                    0,
                                                ),
                                            },
                                        },
                                        metadata: HydroIrMetadata {
                                            location_kind: Cluster(
                                                0,
                                            ),
                                            output_type: Some(
                                                (hydro_optimize :: __staged :: __deps :: hydro_lang :: location :: cluster :: cluster_id :: ClusterId < () > , i32),
                                            ),
                                            cardinality: None,
                                            cpu_usage: None,
                                            network_recv_cpu_usage: None,
                                            id: Some(
                                                1,
                                            ),
                                        },
                                    },
                                    metadata: HydroIrMetadata {
                                        location_kind: Cluster(
                                            2,
                                        ),
                                        output_type: Some(
                                            (hydro_optimize :: __staged :: __deps :: hydro_lang :: location :: cluster :: cluster_id :: ClusterId < () > , i32),
                                        ),
                                        cardinality: None,
                                        cpu_usage: None,
                                        network_recv_cpu_usage: None,
                                        id: Some(
                                            2,
                                        ),
                                    },
                                },
                                metadata: HydroIrMetadata {
                                    location_kind: Cluster(
                                        2,
                                    ),
                                    output_type: Some(
                                        i32,
                                    ),
                                    cardinality: None,
                                    cpu_usage: None,
                                    network_recv_cpu_usage: None,
                                    id: Some(
                                        3,
                                    ),
                                },
                            },
                            metadata: HydroIrMetadata {
                                location_kind: Cluster(
                                    2,
                                ),
                                output_type: Some(
                                    i32,
                                ),
                                cardinality: None,
                                cpu_usage: None,
                                network_recv_cpu_usage: None,
                                id: Some(
                                    4,
                                ),
                            },
                        },
                        metadata: HydroIrMetadata {
                            location_kind: Cluster(
                                2,
                            ),
                            output_type: Some(
                                hydro_optimize :: __staged :: __deps :: hydro_lang :: __staged :: __deps :: bytes :: Bytes,
                            ),
                            cardinality: None,
                            cpu_usage: None,
                            network_recv_cpu_usage: None,
                            id: Some(
                                5,
                            ),
                        },
                    },
                    metadata: HydroIrMetadata {
                        location_kind: Cluster(
                            2,
                        ),
                        output_type: Some(
                            (u32 , hydro_optimize :: __staged :: __deps :: hydro_lang :: __staged :: __deps :: bytes :: Bytes),
                        ),
                        cardinality: None,
                        cpu_usage: None,
                        network_recv_cpu_usage: None,
                        id: Some(
                            6,
                        ),
                    },
                },
                metadata: HydroIrMetadata {
                    location_kind: Cluster(
                        1,
                    ),
                    output_type: Some(
                        i32,
                    ),
                    cardinality: None,
                    cpu_usage: None,
                    network_recv_cpu_usage: None,
                    id: Some(
                        7,
                    ),
                },
            },
            metadata: HydroIrMetadata {
                location_kind: Cluster(
                    1,
                ),
                output_type: Some(
                    i32,
                ),
                cardinality: None,
                cpu_usage: None,
                network_recv_cpu_usage: None,
                id: Some(
                    8,
                ),
            },
        },
        metadata: HydroIrMetadata {
            location_kind: Cluster(
                1,
            ),
            output_type: Some(
                i32,
            ),
            cardinality: None,
            cpu_usage: None,
            network_recv_cpu_usage: None,
            id: Some(
                9,
            ),
        },
    },
]
