---
source: hydro_lang/src/rewrites/persist_pullup.rs
expression: optimized.ir()
---
[
    ForEach {
        f: stageleft :: runtime_support :: fn1_type_hint :: < i32 , () > ({ use crate :: __staged :: rewrites :: persist_pullup :: tests :: * ; | n | println ! ("{}" , n) }),
        input: Persist {
            inner: Map {
                f: stageleft :: runtime_support :: fn1_type_hint :: < i32 , i32 > ({ use crate :: __staged :: rewrites :: persist_pullup :: tests :: * ; | v | v + 1 }),
                input: Tee {
                    inner: <tee>: Source {
                        source: Iter(
                            { use crate :: __staged :: rewrites :: persist_pullup :: tests :: * ; 0 .. 10 },
                        ),
                        location_kind: Process(
                            0,
                        ),
                        metadata: HydroNodeMetadata {
                            id: Some(
                                0,
                            ),
                            location_kind: Process(
                                0,
                            ),
                            output_type: Some(
                                Type::Path {
                                    qself: None,
                                    path: Path {
                                        leading_colon: None,
                                        segments: [
                                            PathSegment {
                                                ident: Ident {
                                                    sym: i32,
                                                    span: bytes(50..53),
                                                },
                                                arguments: PathArguments::None,
                                            },
                                        ],
                                    },
                                },
                            ),
                        },
                    },
                    metadata: HydroNodeMetadata {
                        id: Some(
                            4,
                        ),
                        location_kind: Process(
                            0,
                        ),
                        output_type: Some(
                            Type::Path {
                                qself: None,
                                path: Path {
                                    leading_colon: None,
                                    segments: [
                                        PathSegment {
                                            ident: Ident {
                                                sym: i32,
                                                span: bytes(66..69),
                                            },
                                            arguments: PathArguments::None,
                                        },
                                    ],
                                },
                            },
                        ),
                    },
                },
                metadata: HydroNodeMetadata {
                    id: Some(
                        5,
                    ),
                    location_kind: Process(
                        0,
                    ),
                    output_type: Some(
                        Type::Path {
                            qself: None,
                            path: Path {
                                leading_colon: None,
                                segments: [
                                    PathSegment {
                                        ident: Ident {
                                            sym: i32,
                                            span: bytes(124..127),
                                        },
                                        arguments: PathArguments::None,
                                    },
                                ],
                            },
                        },
                    ),
                },
            },
            metadata: HydroNodeMetadata {
                id: None,
                location_kind: Process(
                    0,
                ),
                output_type: Some(
                    Type::Path {
                        qself: None,
                        path: Path {
                            leading_colon: None,
                            segments: [
                                PathSegment {
                                    ident: Ident {
                                        sym: i32,
                                        span: bytes(124..127),
                                    },
                                    arguments: PathArguments::None,
                                },
                            ],
                        },
                    },
                ),
            },
        },
    },
    ForEach {
        f: stageleft :: runtime_support :: fn1_type_hint :: < i32 , () > ({ use crate :: __staged :: rewrites :: persist_pullup :: tests :: * ; | n | println ! ("{}" , n) }),
        input: Persist {
            inner: Map {
                f: stageleft :: runtime_support :: fn1_type_hint :: < i32 , i32 > ({ use crate :: __staged :: rewrites :: persist_pullup :: tests :: * ; | v | v + 1 }),
                input: Tee {
                    inner: <tee>: Source {
                        source: Iter(
                            { use crate :: __staged :: rewrites :: persist_pullup :: tests :: * ; 0 .. 10 },
                        ),
                        location_kind: Process(
                            0,
                        ),
                        metadata: HydroNodeMetadata {
                            id: Some(
                                0,
                            ),
                            location_kind: Process(
                                0,
                            ),
                            output_type: Some(
                                Type::Path {
                                    qself: None,
                                    path: Path {
                                        leading_colon: None,
                                        segments: [
                                            PathSegment {
                                                ident: Ident {
                                                    sym: i32,
                                                    span: bytes(50..53),
                                                },
                                                arguments: PathArguments::None,
                                            },
                                        ],
                                    },
                                },
                            ),
                        },
                    },
                    metadata: HydroNodeMetadata {
                        id: Some(
                            4,
                        ),
                        location_kind: Process(
                            0,
                        ),
                        output_type: Some(
                            Type::Path {
                                qself: None,
                                path: Path {
                                    leading_colon: None,
                                    segments: [
                                        PathSegment {
                                            ident: Ident {
                                                sym: i32,
                                                span: bytes(66..69),
                                            },
                                            arguments: PathArguments::None,
                                        },
                                    ],
                                },
                            },
                        ),
                    },
                },
                metadata: HydroNodeMetadata {
                    id: Some(
                        8,
                    ),
                    location_kind: Process(
                        0,
                    ),
                    output_type: Some(
                        Type::Path {
                            qself: None,
                            path: Path {
                                leading_colon: None,
                                segments: [
                                    PathSegment {
                                        ident: Ident {
                                            sym: i32,
                                            span: bytes(246..249),
                                        },
                                        arguments: PathArguments::None,
                                    },
                                ],
                            },
                        },
                    ),
                },
            },
            metadata: HydroNodeMetadata {
                id: None,
                location_kind: Process(
                    0,
                ),
                output_type: Some(
                    Type::Path {
                        qself: None,
                        path: Path {
                            leading_colon: None,
                            segments: [
                                PathSegment {
                                    ident: Ident {
                                        sym: i32,
                                        span: bytes(246..249),
                                    },
                                    arguments: PathArguments::None,
                                },
                            ],
                        },
                    },
                ),
            },
        },
    },
]
