---
source: hydro_lang/src/rewrites/persist_pullup.rs
expression: built.ir()
---
[
    ForEach {
        f: q!(| n | println!("{}", n)),
        input: Unpersist {
            inner: Persist {
                inner: Map {
                    f: q!(| v | v + 1),
                    input: Tee {
                        inner: <tee>: Persist {
                            inner: Unpersist {
                                inner: Persist {
                                    inner: Source {
                                        source: Iter(
                                            { use crate :: __staged :: __deps :: * ; use cr...,
                                        ),
                                        location_kind: Process(
                                            0,
                                        ),
                                        metadata: HydroIrMetadata {
                                            location_kind: Process(
                                                0,
                                            ),
                                            output_type: Some(
                                                i32,
                                            ),
                                            cardinality: None,
                                            cpu_usage: None,
                                            network_recv_cpu_usage: None,
                                            id: None,
                                        },
                                    },
                                    metadata: HydroIrMetadata {
                                        location_kind: Process(
                                            0,
                                        ),
                                        output_type: Some(
                                            i32,
                                        ),
                                        cardinality: None,
                                        cpu_usage: None,
                                        network_recv_cpu_usage: None,
                                        id: None,
                                    },
                                },
                                metadata: HydroIrMetadata {
                                    location_kind: Tick(
                                        0,
                                        Process(
                                            0,
                                        ),
                                    ),
                                    output_type: Some(
                                        i32,
                                    ),
                                    cardinality: None,
                                    cpu_usage: None,
                                    network_recv_cpu_usage: None,
                                    id: None,
                                },
                            },
                            metadata: HydroIrMetadata {
                                location_kind: Tick(
                                    0,
                                    Process(
                                        0,
                                    ),
                                ),
                                output_type: Some(
                                    i32,
                                ),
                                cardinality: None,
                                cpu_usage: None,
                                network_recv_cpu_usage: None,
                                id: None,
                            },
                        },
                        metadata: HydroIrMetadata {
                            location_kind: Tick(
                                0,
                                Process(
                                    0,
                                ),
                            ),
                            output_type: Some(
                                i32,
                            ),
                            cardinality: None,
                            cpu_usage: None,
                            network_recv_cpu_usage: None,
                            id: None,
                        },
                    },
                    metadata: HydroIrMetadata {
                        location_kind: Tick(
                            0,
                            Process(
                                0,
                            ),
                        ),
                        output_type: Some(
                            i32,
                        ),
                        cardinality: None,
                        cpu_usage: None,
                        network_recv_cpu_usage: None,
                        id: None,
                    },
                },
                metadata: HydroIrMetadata {
                    location_kind: Tick(
                        0,
                        Process(
                            0,
                        ),
                    ),
                    output_type: Some(
                        i32,
                    ),
                    cardinality: None,
                    cpu_usage: None,
                    network_recv_cpu_usage: None,
                    id: None,
                },
            },
            metadata: HydroIrMetadata {
                location_kind: Process(
                    0,
                ),
                output_type: Some(
                    i32,
                ),
                cardinality: None,
                cpu_usage: None,
                network_recv_cpu_usage: None,
                id: None,
            },
        },
        metadata: HydroIrMetadata {
            location_kind: Process(
                0,
            ),
            output_type: Some(
                i32,
            ),
            cardinality: None,
            cpu_usage: None,
            network_recv_cpu_usage: None,
            id: None,
        },
    },
    ForEach {
        f: q!(| n | println!("{}", n)),
        input: Unpersist {
            inner: Persist {
                inner: Map {
                    f: q!(| v | v + 1),
                    input: Tee {
                        inner: <tee>: Persist {
                            inner: Unpersist {
                                inner: Persist {
                                    inner: Source {
                                        source: Iter(
                                            { use crate :: __staged :: __deps :: * ; use cr...,
                                        ),
                                        location_kind: Process(
                                            0,
                                        ),
                                        metadata: HydroIrMetadata {
                                            location_kind: Process(
                                                0,
                                            ),
                                            output_type: Some(
                                                i32,
                                            ),
                                            cardinality: None,
                                            cpu_usage: None,
                                            network_recv_cpu_usage: None,
                                            id: None,
                                        },
                                    },
                                    metadata: HydroIrMetadata {
                                        location_kind: Process(
                                            0,
                                        ),
                                        output_type: Some(
                                            i32,
                                        ),
                                        cardinality: None,
                                        cpu_usage: None,
                                        network_recv_cpu_usage: None,
                                        id: None,
                                    },
                                },
                                metadata: HydroIrMetadata {
                                    location_kind: Tick(
                                        0,
                                        Process(
                                            0,
                                        ),
                                    ),
                                    output_type: Some(
                                        i32,
                                    ),
                                    cardinality: None,
                                    cpu_usage: None,
                                    network_recv_cpu_usage: None,
                                    id: None,
                                },
                            },
                            metadata: HydroIrMetadata {
                                location_kind: Tick(
                                    0,
                                    Process(
                                        0,
                                    ),
                                ),
                                output_type: Some(
                                    i32,
                                ),
                                cardinality: None,
                                cpu_usage: None,
                                network_recv_cpu_usage: None,
                                id: None,
                            },
                        },
                        metadata: HydroIrMetadata {
                            location_kind: Tick(
                                0,
                                Process(
                                    0,
                                ),
                            ),
                            output_type: Some(
                                i32,
                            ),
                            cardinality: None,
                            cpu_usage: None,
                            network_recv_cpu_usage: None,
                            id: None,
                        },
                    },
                    metadata: HydroIrMetadata {
                        location_kind: Tick(
                            0,
                            Process(
                                0,
                            ),
                        ),
                        output_type: Some(
                            i32,
                        ),
                        cardinality: None,
                        cpu_usage: None,
                        network_recv_cpu_usage: None,
                        id: None,
                    },
                },
                metadata: HydroIrMetadata {
                    location_kind: Tick(
                        0,
                        Process(
                            0,
                        ),
                    ),
                    output_type: Some(
                        i32,
                    ),
                    cardinality: None,
                    cpu_usage: None,
                    network_recv_cpu_usage: None,
                    id: None,
                },
            },
            metadata: HydroIrMetadata {
                location_kind: Process(
                    0,
                ),
                output_type: Some(
                    i32,
                ),
                cardinality: None,
                cpu_usage: None,
                network_recv_cpu_usage: None,
                id: None,
            },
        },
        metadata: HydroIrMetadata {
            location_kind: Process(
                0,
            ),
            output_type: Some(
                i32,
            ),
            cardinality: None,
            cpu_usage: None,
            network_recv_cpu_usage: None,
            id: None,
        },
    },
]
