---
source: hydro_lang/src/rewrites/profiler.rs
expression: "&built.ir()"
---
[
    ForEach {
        f: stageleft :: runtime_support :: fn1_type_hint :: < i32 , () > ({ use crate :: __staged :: rewrites :: profiler :: tests :: * ; | n | println ! ("{}" , n) }),
        input: Unpersist {
            inner: Map {
                f: stageleft :: runtime_support :: fn1_type_hint :: < i32 , i32 > ({ use crate :: __staged :: rewrites :: profiler :: tests :: * ; | v | v + 1 }),
                input: Persist {
                    inner: Source {
                        source: Iter(
                            { use crate :: __staged :: rewrites :: profiler :: tests :: * ; 0 .. 10 },
                        ),
                        location_kind: Process(
                            0,
                        ),
                        metadata: HydroNodeMetadata {
                            id: Some(
                                0,
                            ),
                            location_kind: Process(
                                0,
                            ),
                            output_type: Some(
                                Type::Path {
                                    qself: None,
                                    path: Path {
                                        leading_colon: None,
                                        segments: [
                                            PathSegment {
                                                ident: Ident {
                                                    sym: i32,
                                                    span: bytes(44..47),
                                                },
                                                arguments: PathArguments::None,
                                            },
                                        ],
                                    },
                                },
                            ),
                        },
                    },
                    metadata: HydroNodeMetadata {
                        id: Some(
                            1,
                        ),
                        location_kind: Process(
                            0,
                        ),
                        output_type: Some(
                            Type::Path {
                                qself: None,
                                path: Path {
                                    leading_colon: None,
                                    segments: [
                                        PathSegment {
                                            ident: Ident {
                                                sym: i32,
                                                span: bytes(48..51),
                                            },
                                            arguments: PathArguments::None,
                                        },
                                    ],
                                },
                            },
                        ),
                    },
                },
                metadata: HydroNodeMetadata {
                    id: Some(
                        2,
                    ),
                    location_kind: Process(
                        0,
                    ),
                    output_type: Some(
                        Type::Path {
                            qself: None,
                            path: Path {
                                leading_colon: None,
                                segments: [
                                    PathSegment {
                                        ident: Ident {
                                            sym: i32,
                                            span: bytes(100..103),
                                        },
                                        arguments: PathArguments::None,
                                    },
                                ],
                            },
                        },
                    ),
                },
            },
            metadata: HydroNodeMetadata {
                id: Some(
                    3,
                ),
                location_kind: Process(
                    0,
                ),
                output_type: Some(
                    Type::Path {
                        qself: None,
                        path: Path {
                            leading_colon: None,
                            segments: [
                                PathSegment {
                                    ident: Ident {
                                        sym: i32,
                                        span: bytes(154..157),
                                    },
                                    arguments: PathArguments::None,
                                },
                            ],
                        },
                    },
                ),
            },
        },
    },
]
