---
source: hydro_lang/src/rewrites/persist_pullup.rs
expression: optimized.ir()
---
[
    ForEach {
        f: DebugExpr(
            Expr::Call {
                attrs: [],
                func: Expr::Path {
                    attrs: [],
                    qself: None,
                    path: Path {
                        leading_colon: None,
                        segments: [
                            PathSegment {
                                ident: Ident {
                                    sym: stageleft,
                                },
                                arguments: PathArguments::None,
                            },
                            PathSep,
                            PathSegment {
                                ident: Ident {
                                    sym: runtime_support,
                                },
                                arguments: PathArguments::None,
                            },
                            PathSep,
                            PathSegment {
                                ident: Ident {
                                    sym: fn1_type_hint,
                                },
                                arguments: PathArguments::AngleBracketed {
                                    colon2_token: Some(
                                        PathSep,
                                    ),
                                    lt_token: Lt,
                                    args: [
                                        GenericArgument::Type(
                                            Type::Path {
                                                qself: None,
                                                path: Path {
                                                    leading_colon: None,
                                                    segments: [
                                                        PathSegment {
                                                            ident: Ident {
                                                                sym: i32,
                                                                span: bytes(214..217),
                                                            },
                                                            arguments: PathArguments::None,
                                                        },
                                                    ],
                                                },
                                            },
                                        ),
                                        Comma,
                                        GenericArgument::Type(
                                            Type::Tuple {
                                                paren_token: Paren,
                                                elems: [],
                                            },
                                        ),
                                    ],
                                    gt_token: Gt,
                                },
                            },
                        ],
                    },
                },
                paren_token: Paren,
                args: [
                    Expr::Block {
                        attrs: [],
                        label: None,
                        block: Block {
                            brace_token: Brace,
                            stmts: [
                                Stmt::Item(
                                    Item::Use {
                                        attrs: [],
                                        vis: Visibility::Inherited,
                                        use_token: Use,
                                        leading_colon: None,
                                        tree: UseTree::Path(
                                            UsePath {
                                                ident: Ident {
                                                    sym: crate,
                                                },
                                                colon2_token: PathSep,
                                                tree: UseTree::Path(
                                                    UsePath {
                                                        ident: Ident {
                                                            sym: __staged,
                                                        },
                                                        colon2_token: PathSep,
                                                        tree: UseTree::Path(
                                                            UsePath {
                                                                ident: Ident {
                                                                    sym: __deps,
                                                                },
                                                                colon2_token: PathSep,
                                                                tree: UseTree::Glob(
                                                                    UseGlob {
                                                                        star_token: Star,
                                                                    },
                                                                ),
                                                            },
                                                        ),
                                                    },
                                                ),
                                            },
                                        ),
                                        semi_token: Semi,
                                    },
                                ),
                                Stmt::Item(
                                    Item::Use {
                                        attrs: [],
                                        vis: Visibility::Inherited,
                                        use_token: Use,
                                        leading_colon: None,
                                        tree: UseTree::Path(
                                            UsePath {
                                                ident: Ident {
                                                    sym: crate,
                                                },
                                                colon2_token: PathSep,
                                                tree: UseTree::Path(
                                                    UsePath {
                                                        ident: Ident {
                                                            sym: __staged,
                                                        },
                                                        colon2_token: PathSep,
                                                        tree: UseTree::Path(
                                                            UsePath {
                                                                ident: Ident {
                                                                    sym: rewrites,
                                                                    span: bytes(157..165),
                                                                },
                                                                colon2_token: PathSep,
                                                                tree: UseTree::Path(
                                                                    UsePath {
                                                                        ident: Ident {
                                                                            sym: persist_pullup,
                                                                            span: bytes(167..181),
                                                                        },
                                                                        colon2_token: PathSep,
                                                                        tree: UseTree::Path(
                                                                            UsePath {
                                                                                ident: Ident {
                                                                                    sym: tests,
                                                                                    span: bytes(183..188),
                                                                                },
                                                                                colon2_token: PathSep,
                                                                                tree: UseTree::Glob(
                                                                                    UseGlob {
                                                                                        star_token: Star,
                                                                                    },
                                                                                ),
                                                                            },
                                                                        ),
                                                                    },
                                                                ),
                                                            },
                                                        ),
                                                    },
                                                ),
                                            },
                                        ),
                                        semi_token: Semi,
                                    },
                                ),
                                Stmt::Expr(
                                    Expr::Closure {
                                        attrs: [],
                                        lifetimes: None,
                                        constness: None,
                                        movability: None,
                                        asyncness: None,
                                        capture: None,
                                        or1_token: Or,
                                        inputs: [
                                            Pat::Ident {
                                                attrs: [],
                                                by_ref: None,
                                                mutability: None,
                                                ident: Ident {
                                                    sym: n,
                                                    span: bytes(191..192),
                                                },
                                                subpat: None,
                                            },
                                        ],
                                        or2_token: Or,
                                        output: ReturnType::Default,
                                        body: Expr::Macro {
                                            attrs: [],
                                            mac: Macro {
                                                path: Path {
                                                    leading_colon: None,
                                                    segments: [
                                                        PathSegment {
                                                            ident: Ident {
                                                                sym: println,
                                                                span: bytes(195..202),
                                                            },
                                                            arguments: PathArguments::None,
                                                        },
                                                    ],
                                                },
                                                bang_token: Not,
                                                delimiter: MacroDelimiter::Paren(
                                                    Paren,
                                                ),
                                                tokens: TokenStream [
                                                    Literal {
                                                        lit: "{}",
                                                        span: bytes(205..209),
                                                    },
                                                    Punct {
                                                        char: ',',
                                                        spacing: Alone,
                                                        span: bytes(209..210),
                                                    },
                                                    Ident {
                                                        sym: n,
                                                        span: bytes(211..212),
                                                    },
                                                ],
                                            },
                                        },
                                    },
                                    None,
                                ),
                            ],
                        },
                    },
                ],
            },
        ),
        input: Persist {
            inner: Map {
                f: DebugExpr(
                    Expr::Call {
                        attrs: [],
                        func: Expr::Path {
                            attrs: [],
                            qself: None,
                            path: Path {
                                leading_colon: None,
                                segments: [
                                    PathSegment {
                                        ident: Ident {
                                            sym: stageleft,
                                        },
                                        arguments: PathArguments::None,
                                    },
                                    PathSep,
                                    PathSegment {
                                        ident: Ident {
                                            sym: runtime_support,
                                        },
                                        arguments: PathArguments::None,
                                    },
                                    PathSep,
                                    PathSegment {
                                        ident: Ident {
                                            sym: fn1_type_hint,
                                        },
                                        arguments: PathArguments::AngleBracketed {
                                            colon2_token: Some(
                                                PathSep,
                                            ),
                                            lt_token: Lt,
                                            args: [
                                                GenericArgument::Type(
                                                    Type::Path {
                                                        qself: None,
                                                        path: Path {
                                                            leading_colon: None,
                                                            segments: [
                                                                PathSegment {
                                                                    ident: Ident {
                                                                        sym: i32,
                                                                        span: bytes(129..132),
                                                                    },
                                                                    arguments: PathArguments::None,
                                                                },
                                                            ],
                                                        },
                                                    },
                                                ),
                                                Comma,
                                                GenericArgument::Type(
                                                    Type::Path {
                                                        qself: None,
                                                        path: Path {
                                                            leading_colon: None,
                                                            segments: [
                                                                PathSegment {
                                                                    ident: Ident {
                                                                        sym: i32,
                                                                        span: bytes(133..136),
                                                                    },
                                                                    arguments: PathArguments::None,
                                                                },
                                                            ],
                                                        },
                                                    },
                                                ),
                                            ],
                                            gt_token: Gt,
                                        },
                                    },
                                ],
                            },
                        },
                        paren_token: Paren,
                        args: [
                            Expr::Block {
                                attrs: [],
                                label: None,
                                block: Block {
                                    brace_token: Brace,
                                    stmts: [
                                        Stmt::Item(
                                            Item::Use {
                                                attrs: [],
                                                vis: Visibility::Inherited,
                                                use_token: Use,
                                                leading_colon: None,
                                                tree: UseTree::Path(
                                                    UsePath {
                                                        ident: Ident {
                                                            sym: crate,
                                                        },
                                                        colon2_token: PathSep,
                                                        tree: UseTree::Path(
                                                            UsePath {
                                                                ident: Ident {
                                                                    sym: __staged,
                                                                },
                                                                colon2_token: PathSep,
                                                                tree: UseTree::Path(
                                                                    UsePath {
                                                                        ident: Ident {
                                                                            sym: __deps,
                                                                        },
                                                                        colon2_token: PathSep,
                                                                        tree: UseTree::Glob(
                                                                            UseGlob {
                                                                                star_token: Star,
                                                                            },
                                                                        ),
                                                                    },
                                                                ),
                                                            },
                                                        ),
                                                    },
                                                ),
                                                semi_token: Semi,
                                            },
                                        ),
                                        Stmt::Item(
                                            Item::Use {
                                                attrs: [],
                                                vis: Visibility::Inherited,
                                                use_token: Use,
                                                leading_colon: None,
                                                tree: UseTree::Path(
                                                    UsePath {
                                                        ident: Ident {
                                                            sym: crate,
                                                        },
                                                        colon2_token: PathSep,
                                                        tree: UseTree::Path(
                                                            UsePath {
                                                                ident: Ident {
                                                                    sym: __staged,
                                                                },
                                                                colon2_token: PathSep,
                                                                tree: UseTree::Path(
                                                                    UsePath {
                                                                        ident: Ident {
                                                                            sym: rewrites,
                                                                            span: bytes(85..93),
                                                                        },
                                                                        colon2_token: PathSep,
                                                                        tree: UseTree::Path(
                                                                            UsePath {
                                                                                ident: Ident {
                                                                                    sym: persist_pullup,
                                                                                    span: bytes(95..109),
                                                                                },
                                                                                colon2_token: PathSep,
                                                                                tree: UseTree::Path(
                                                                                    UsePath {
                                                                                        ident: Ident {
                                                                                            sym: tests,
                                                                                            span: bytes(111..116),
                                                                                        },
                                                                                        colon2_token: PathSep,
                                                                                        tree: UseTree::Glob(
                                                                                            UseGlob {
                                                                                                star_token: Star,
                                                                                            },
                                                                                        ),
                                                                                    },
                                                                                ),
                                                                            },
                                                                        ),
                                                                    },
                                                                ),
                                                            },
                                                        ),
                                                    },
                                                ),
                                                semi_token: Semi,
                                            },
                                        ),
                                        Stmt::Expr(
                                            Expr::Closure {
                                                attrs: [],
                                                lifetimes: None,
                                                constness: None,
                                                movability: None,
                                                asyncness: None,
                                                capture: None,
                                                or1_token: Or,
                                                inputs: [
                                                    Pat::Ident {
                                                        attrs: [],
                                                        by_ref: None,
                                                        mutability: None,
                                                        ident: Ident {
                                                            sym: v,
                                                            span: bytes(119..120),
                                                        },
                                                        subpat: None,
                                                    },
                                                ],
                                                or2_token: Or,
                                                output: ReturnType::Default,
                                                body: Expr::Binary {
                                                    attrs: [],
                                                    left: Expr::Path {
                                                        attrs: [],
                                                        qself: None,
                                                        path: Path {
                                                            leading_colon: None,
                                                            segments: [
                                                                PathSegment {
                                                                    ident: Ident {
                                                                        sym: v,
                                                                        span: bytes(123..124),
                                                                    },
                                                                    arguments: PathArguments::None,
                                                                },
                                                            ],
                                                        },
                                                    },
                                                    op: BinOp::Add(
                                                        Plus,
                                                    ),
                                                    right: Expr::Lit {
                                                        attrs: [],
                                                        lit: Lit::Int {
                                                            token: 1,
                                                        },
                                                    },
                                                },
                                            },
                                            None,
                                        ),
                                    ],
                                },
                            },
                        ],
                    },
                ),
                input: Tee {
                    inner: <tee>: Source {
                        source: Iter(
                            DebugExpr(
                                Expr::Block {
                                    attrs: [],
                                    label: None,
                                    block: Block {
                                        brace_token: Brace,
                                        stmts: [
                                            Stmt::Item(
                                                Item::Use {
                                                    attrs: [],
                                                    vis: Visibility::Inherited,
                                                    use_token: Use,
                                                    leading_colon: None,
                                                    tree: UseTree::Path(
                                                        UsePath {
                                                            ident: Ident {
                                                                sym: crate,
                                                            },
                                                            colon2_token: PathSep,
                                                            tree: UseTree::Path(
                                                                UsePath {
                                                                    ident: Ident {
                                                                        sym: __staged,
                                                                    },
                                                                    colon2_token: PathSep,
                                                                    tree: UseTree::Path(
                                                                        UsePath {
                                                                            ident: Ident {
                                                                                sym: __deps,
                                                                            },
                                                                            colon2_token: PathSep,
                                                                            tree: UseTree::Glob(
                                                                                UseGlob {
                                                                                    star_token: Star,
                                                                                },
                                                                            ),
                                                                        },
                                                                    ),
                                                                },
                                                            ),
                                                        },
                                                    ),
                                                    semi_token: Semi,
                                                },
                                            ),
                                            Stmt::Item(
                                                Item::Use {
                                                    attrs: [],
                                                    vis: Visibility::Inherited,
                                                    use_token: Use,
                                                    leading_colon: None,
                                                    tree: UseTree::Path(
                                                        UsePath {
                                                            ident: Ident {
                                                                sym: crate,
                                                            },
                                                            colon2_token: PathSep,
                                                            tree: UseTree::Path(
                                                                UsePath {
                                                                    ident: Ident {
                                                                        sym: __staged,
                                                                    },
                                                                    colon2_token: PathSep,
                                                                    tree: UseTree::Path(
                                                                        UsePath {
                                                                            ident: Ident {
                                                                                sym: rewrites,
                                                                                span: bytes(13..21),
                                                                            },
                                                                            colon2_token: PathSep,
                                                                            tree: UseTree::Path(
                                                                                UsePath {
                                                                                    ident: Ident {
                                                                                        sym: persist_pullup,
                                                                                        span: bytes(23..37),
                                                                                    },
                                                                                    colon2_token: PathSep,
                                                                                    tree: UseTree::Path(
                                                                                        UsePath {
                                                                                            ident: Ident {
                                                                                                sym: tests,
                                                                                                span: bytes(39..44),
                                                                                            },
                                                                                            colon2_token: PathSep,
                                                                                            tree: UseTree::Glob(
                                                                                                UseGlob {
                                                                                                    star_token: Star,
                                                                                                },
                                                                                            ),
                                                                                        },
                                                                                    ),
                                                                                },
                                                                            ),
                                                                        },
                                                                    ),
                                                                },
                                                            ),
                                                        },
                                                    ),
                                                    semi_token: Semi,
                                                },
                                            ),
                                            Stmt::Expr(
                                                Expr::Range {
                                                    attrs: [],
                                                    start: Some(
                                                        Expr::Lit {
                                                            attrs: [],
                                                            lit: Lit::Int {
                                                                token: 0,
                                                            },
                                                        },
                                                    ),
                                                    limits: RangeLimits::HalfOpen(
                                                        DotDot,
                                                    ),
                                                    end: Some(
                                                        Expr::Lit {
                                                            attrs: [],
                                                            lit: Lit::Int {
                                                                token: 10,
                                                            },
                                                        },
                                                    ),
                                                },
                                                None,
                                            ),
                                        ],
                                    },
                                },
                            ),
                        ),
                        location_kind: Process(
                            0,
                        ),
                        metadata: HydroIrMetadata {
                            location_kind: Process(
                                0,
                            ),
                            output_type: Some(
                                i32,
                            ),
                            cardinality: None,
                            cpu_usage: None,
                            network_recv_cpu_usage: None,
                            id: None,
                        },
                    },
                    metadata: HydroIrMetadata {
                        location_kind: Tick(
                            0,
                            Process(
                                0,
                            ),
                        ),
                        output_type: Some(
                            i32,
                        ),
                        cardinality: None,
                        cpu_usage: None,
                        network_recv_cpu_usage: None,
                        id: None,
                    },
                },
                metadata: HydroIrMetadata {
                    location_kind: Tick(
                        0,
                        Process(
                            0,
                        ),
                    ),
                    output_type: Some(
                        i32,
                    ),
                    cardinality: None,
                    cpu_usage: None,
                    network_recv_cpu_usage: None,
                    id: None,
                },
            },
            metadata: HydroIrMetadata {
                location_kind: Tick(
                    0,
                    Process(
                        0,
                    ),
                ),
                output_type: Some(
                    i32,
                ),
                cardinality: None,
                cpu_usage: None,
                network_recv_cpu_usage: None,
                id: None,
            },
        },
        metadata: HydroIrMetadata {
            location_kind: Process(
                0,
            ),
            output_type: Some(
                i32,
            ),
            cardinality: None,
            cpu_usage: None,
            network_recv_cpu_usage: None,
            id: None,
        },
    },
    ForEach {
        f: DebugExpr(
            Expr::Call {
                attrs: [],
                func: Expr::Path {
                    attrs: [],
                    qself: None,
                    path: Path {
                        leading_colon: None,
                        segments: [
                            PathSegment {
                                ident: Ident {
                                    sym: stageleft,
                                },
                                arguments: PathArguments::None,
                            },
                            PathSep,
                            PathSegment {
                                ident: Ident {
                                    sym: runtime_support,
                                },
                                arguments: PathArguments::None,
                            },
                            PathSep,
                            PathSegment {
                                ident: Ident {
                                    sym: fn1_type_hint,
                                },
                                arguments: PathArguments::AngleBracketed {
                                    colon2_token: Some(
                                        PathSep,
                                    ),
                                    lt_token: Lt,
                                    args: [
                                        GenericArgument::Type(
                                            Type::Path {
                                                qself: None,
                                                path: Path {
                                                    leading_colon: None,
                                                    segments: [
                                                        PathSegment {
                                                            ident: Ident {
                                                                sym: i32,
                                                                span: bytes(366..369),
                                                            },
                                                            arguments: PathArguments::None,
                                                        },
                                                    ],
                                                },
                                            },
                                        ),
                                        Comma,
                                        GenericArgument::Type(
                                            Type::Tuple {
                                                paren_token: Paren,
                                                elems: [],
                                            },
                                        ),
                                    ],
                                    gt_token: Gt,
                                },
                            },
                        ],
                    },
                },
                paren_token: Paren,
                args: [
                    Expr::Block {
                        attrs: [],
                        label: None,
                        block: Block {
                            brace_token: Brace,
                            stmts: [
                                Stmt::Item(
                                    Item::Use {
                                        attrs: [],
                                        vis: Visibility::Inherited,
                                        use_token: Use,
                                        leading_colon: None,
                                        tree: UseTree::Path(
                                            UsePath {
                                                ident: Ident {
                                                    sym: crate,
                                                },
                                                colon2_token: PathSep,
                                                tree: UseTree::Path(
                                                    UsePath {
                                                        ident: Ident {
                                                            sym: __staged,
                                                        },
                                                        colon2_token: PathSep,
                                                        tree: UseTree::Path(
                                                            UsePath {
                                                                ident: Ident {
                                                                    sym: __deps,
                                                                },
                                                                colon2_token: PathSep,
                                                                tree: UseTree::Glob(
                                                                    UseGlob {
                                                                        star_token: Star,
                                                                    },
                                                                ),
                                                            },
                                                        ),
                                                    },
                                                ),
                                            },
                                        ),
                                        semi_token: Semi,
                                    },
                                ),
                                Stmt::Item(
                                    Item::Use {
                                        attrs: [],
                                        vis: Visibility::Inherited,
                                        use_token: Use,
                                        leading_colon: None,
                                        tree: UseTree::Path(
                                            UsePath {
                                                ident: Ident {
                                                    sym: crate,
                                                },
                                                colon2_token: PathSep,
                                                tree: UseTree::Path(
                                                    UsePath {
                                                        ident: Ident {
                                                            sym: __staged,
                                                        },
                                                        colon2_token: PathSep,
                                                        tree: UseTree::Path(
                                                            UsePath {
                                                                ident: Ident {
                                                                    sym: rewrites,
                                                                    span: bytes(309..317),
                                                                },
                                                                colon2_token: PathSep,
                                                                tree: UseTree::Path(
                                                                    UsePath {
                                                                        ident: Ident {
                                                                            sym: persist_pullup,
                                                                            span: bytes(319..333),
                                                                        },
                                                                        colon2_token: PathSep,
                                                                        tree: UseTree::Path(
                                                                            UsePath {
                                                                                ident: Ident {
                                                                                    sym: tests,
                                                                                    span: bytes(335..340),
                                                                                },
                                                                                colon2_token: PathSep,
                                                                                tree: UseTree::Glob(
                                                                                    UseGlob {
                                                                                        star_token: Star,
                                                                                    },
                                                                                ),
                                                                            },
                                                                        ),
                                                                    },
                                                                ),
                                                            },
                                                        ),
                                                    },
                                                ),
                                            },
                                        ),
                                        semi_token: Semi,
                                    },
                                ),
                                Stmt::Expr(
                                    Expr::Closure {
                                        attrs: [],
                                        lifetimes: None,
                                        constness: None,
                                        movability: None,
                                        asyncness: None,
                                        capture: None,
                                        or1_token: Or,
                                        inputs: [
                                            Pat::Ident {
                                                attrs: [],
                                                by_ref: None,
                                                mutability: None,
                                                ident: Ident {
                                                    sym: n,
                                                    span: bytes(343..344),
                                                },
                                                subpat: None,
                                            },
                                        ],
                                        or2_token: Or,
                                        output: ReturnType::Default,
                                        body: Expr::Macro {
                                            attrs: [],
                                            mac: Macro {
                                                path: Path {
                                                    leading_colon: None,
                                                    segments: [
                                                        PathSegment {
                                                            ident: Ident {
                                                                sym: println,
                                                                span: bytes(347..354),
                                                            },
                                                            arguments: PathArguments::None,
                                                        },
                                                    ],
                                                },
                                                bang_token: Not,
                                                delimiter: MacroDelimiter::Paren(
                                                    Paren,
                                                ),
                                                tokens: TokenStream [
                                                    Literal {
                                                        lit: "{}",
                                                        span: bytes(357..361),
                                                    },
                                                    Punct {
                                                        char: ',',
                                                        spacing: Alone,
                                                        span: bytes(361..362),
                                                    },
                                                    Ident {
                                                        sym: n,
                                                        span: bytes(363..364),
                                                    },
                                                ],
                                            },
                                        },
                                    },
                                    None,
                                ),
                            ],
                        },
                    },
                ],
            },
        ),
        input: Persist {
            inner: Map {
                f: DebugExpr(
                    Expr::Call {
                        attrs: [],
                        func: Expr::Path {
                            attrs: [],
                            qself: None,
                            path: Path {
                                leading_colon: None,
                                segments: [
                                    PathSegment {
                                        ident: Ident {
                                            sym: stageleft,
                                        },
                                        arguments: PathArguments::None,
                                    },
                                    PathSep,
                                    PathSegment {
                                        ident: Ident {
                                            sym: runtime_support,
                                        },
                                        arguments: PathArguments::None,
                                    },
                                    PathSep,
                                    PathSegment {
                                        ident: Ident {
                                            sym: fn1_type_hint,
                                        },
                                        arguments: PathArguments::AngleBracketed {
                                            colon2_token: Some(
                                                PathSep,
                                            ),
                                            lt_token: Lt,
                                            args: [
                                                GenericArgument::Type(
                                                    Type::Path {
                                                        qself: None,
                                                        path: Path {
                                                            leading_colon: None,
                                                            segments: [
                                                                PathSegment {
                                                                    ident: Ident {
                                                                        sym: i32,
                                                                        span: bytes(281..284),
                                                                    },
                                                                    arguments: PathArguments::None,
                                                                },
                                                            ],
                                                        },
                                                    },
                                                ),
                                                Comma,
                                                GenericArgument::Type(
                                                    Type::Path {
                                                        qself: None,
                                                        path: Path {
                                                            leading_colon: None,
                                                            segments: [
                                                                PathSegment {
                                                                    ident: Ident {
                                                                        sym: i32,
                                                                        span: bytes(285..288),
                                                                    },
                                                                    arguments: PathArguments::None,
                                                                },
                                                            ],
                                                        },
                                                    },
                                                ),
                                            ],
                                            gt_token: Gt,
                                        },
                                    },
                                ],
                            },
                        },
                        paren_token: Paren,
                        args: [
                            Expr::Block {
                                attrs: [],
                                label: None,
                                block: Block {
                                    brace_token: Brace,
                                    stmts: [
                                        Stmt::Item(
                                            Item::Use {
                                                attrs: [],
                                                vis: Visibility::Inherited,
                                                use_token: Use,
                                                leading_colon: None,
                                                tree: UseTree::Path(
                                                    UsePath {
                                                        ident: Ident {
                                                            sym: crate,
                                                        },
                                                        colon2_token: PathSep,
                                                        tree: UseTree::Path(
                                                            UsePath {
                                                                ident: Ident {
                                                                    sym: __staged,
                                                                },
                                                                colon2_token: PathSep,
                                                                tree: UseTree::Path(
                                                                    UsePath {
                                                                        ident: Ident {
                                                                            sym: __deps,
                                                                        },
                                                                        colon2_token: PathSep,
                                                                        tree: UseTree::Glob(
                                                                            UseGlob {
                                                                                star_token: Star,
                                                                            },
                                                                        ),
                                                                    },
                                                                ),
                                                            },
                                                        ),
                                                    },
                                                ),
                                                semi_token: Semi,
                                            },
                                        ),
                                        Stmt::Item(
                                            Item::Use {
                                                attrs: [],
                                                vis: Visibility::Inherited,
                                                use_token: Use,
                                                leading_colon: None,
                                                tree: UseTree::Path(
                                                    UsePath {
                                                        ident: Ident {
                                                            sym: crate,
                                                        },
                                                        colon2_token: PathSep,
                                                        tree: UseTree::Path(
                                                            UsePath {
                                                                ident: Ident {
                                                                    sym: __staged,
                                                                },
                                                                colon2_token: PathSep,
                                                                tree: UseTree::Path(
                                                                    UsePath {
                                                                        ident: Ident {
                                                                            sym: rewrites,
                                                                            span: bytes(237..245),
                                                                        },
                                                                        colon2_token: PathSep,
                                                                        tree: UseTree::Path(
                                                                            UsePath {
                                                                                ident: Ident {
                                                                                    sym: persist_pullup,
                                                                                    span: bytes(247..261),
                                                                                },
                                                                                colon2_token: PathSep,
                                                                                tree: UseTree::Path(
                                                                                    UsePath {
                                                                                        ident: Ident {
                                                                                            sym: tests,
                                                                                            span: bytes(263..268),
                                                                                        },
                                                                                        colon2_token: PathSep,
                                                                                        tree: UseTree::Glob(
                                                                                            UseGlob {
                                                                                                star_token: Star,
                                                                                            },
                                                                                        ),
                                                                                    },
                                                                                ),
                                                                            },
                                                                        ),
                                                                    },
                                                                ),
                                                            },
                                                        ),
                                                    },
                                                ),
                                                semi_token: Semi,
                                            },
                                        ),
                                        Stmt::Expr(
                                            Expr::Closure {
                                                attrs: [],
                                                lifetimes: None,
                                                constness: None,
                                                movability: None,
                                                asyncness: None,
                                                capture: None,
                                                or1_token: Or,
                                                inputs: [
                                                    Pat::Ident {
                                                        attrs: [],
                                                        by_ref: None,
                                                        mutability: None,
                                                        ident: Ident {
                                                            sym: v,
                                                            span: bytes(271..272),
                                                        },
                                                        subpat: None,
                                                    },
                                                ],
                                                or2_token: Or,
                                                output: ReturnType::Default,
                                                body: Expr::Binary {
                                                    attrs: [],
                                                    left: Expr::Path {
                                                        attrs: [],
                                                        qself: None,
                                                        path: Path {
                                                            leading_colon: None,
                                                            segments: [
                                                                PathSegment {
                                                                    ident: Ident {
                                                                        sym: v,
                                                                        span: bytes(275..276),
                                                                    },
                                                                    arguments: PathArguments::None,
                                                                },
                                                            ],
                                                        },
                                                    },
                                                    op: BinOp::Add(
                                                        Plus,
                                                    ),
                                                    right: Expr::Lit {
                                                        attrs: [],
                                                        lit: Lit::Int {
                                                            token: 1,
                                                        },
                                                    },
                                                },
                                            },
                                            None,
                                        ),
                                    ],
                                },
                            },
                        ],
                    },
                ),
                input: Tee {
                    inner: <tee>: Source {
                        source: Iter(
                            DebugExpr(
                                Expr::Block {
                                    attrs: [],
                                    label: None,
                                    block: Block {
                                        brace_token: Brace,
                                        stmts: [
                                            Stmt::Item(
                                                Item::Use {
                                                    attrs: [],
                                                    vis: Visibility::Inherited,
                                                    use_token: Use,
                                                    leading_colon: None,
                                                    tree: UseTree::Path(
                                                        UsePath {
                                                            ident: Ident {
                                                                sym: crate,
                                                            },
                                                            colon2_token: PathSep,
                                                            tree: UseTree::Path(
                                                                UsePath {
                                                                    ident: Ident {
                                                                        sym: __staged,
                                                                    },
                                                                    colon2_token: PathSep,
                                                                    tree: UseTree::Path(
                                                                        UsePath {
                                                                            ident: Ident {
                                                                                sym: __deps,
                                                                            },
                                                                            colon2_token: PathSep,
                                                                            tree: UseTree::Glob(
                                                                                UseGlob {
                                                                                    star_token: Star,
                                                                                },
                                                                            ),
                                                                        },
                                                                    ),
                                                                },
                                                            ),
                                                        },
                                                    ),
                                                    semi_token: Semi,
                                                },
                                            ),
                                            Stmt::Item(
                                                Item::Use {
                                                    attrs: [],
                                                    vis: Visibility::Inherited,
                                                    use_token: Use,
                                                    leading_colon: None,
                                                    tree: UseTree::Path(
                                                        UsePath {
                                                            ident: Ident {
                                                                sym: crate,
                                                            },
                                                            colon2_token: PathSep,
                                                            tree: UseTree::Path(
                                                                UsePath {
                                                                    ident: Ident {
                                                                        sym: __staged,
                                                                    },
                                                                    colon2_token: PathSep,
                                                                    tree: UseTree::Path(
                                                                        UsePath {
                                                                            ident: Ident {
                                                                                sym: rewrites,
                                                                                span: bytes(13..21),
                                                                            },
                                                                            colon2_token: PathSep,
                                                                            tree: UseTree::Path(
                                                                                UsePath {
                                                                                    ident: Ident {
                                                                                        sym: persist_pullup,
                                                                                        span: bytes(23..37),
                                                                                    },
                                                                                    colon2_token: PathSep,
                                                                                    tree: UseTree::Path(
                                                                                        UsePath {
                                                                                            ident: Ident {
                                                                                                sym: tests,
                                                                                                span: bytes(39..44),
                                                                                            },
                                                                                            colon2_token: PathSep,
                                                                                            tree: UseTree::Glob(
                                                                                                UseGlob {
                                                                                                    star_token: Star,
                                                                                                },
                                                                                            ),
                                                                                        },
                                                                                    ),
                                                                                },
                                                                            ),
                                                                        },
                                                                    ),
                                                                },
                                                            ),
                                                        },
                                                    ),
                                                    semi_token: Semi,
                                                },
                                            ),
                                            Stmt::Expr(
                                                Expr::Range {
                                                    attrs: [],
                                                    start: Some(
                                                        Expr::Lit {
                                                            attrs: [],
                                                            lit: Lit::Int {
                                                                token: 0,
                                                            },
                                                        },
                                                    ),
                                                    limits: RangeLimits::HalfOpen(
                                                        DotDot,
                                                    ),
                                                    end: Some(
                                                        Expr::Lit {
                                                            attrs: [],
                                                            lit: Lit::Int {
                                                                token: 10,
                                                            },
                                                        },
                                                    ),
                                                },
                                                None,
                                            ),
                                        ],
                                    },
                                },
                            ),
                        ),
                        location_kind: Process(
                            0,
                        ),
                        metadata: HydroIrMetadata {
                            location_kind: Process(
                                0,
                            ),
                            output_type: Some(
                                i32,
                            ),
                            cardinality: None,
                            cpu_usage: None,
                            network_recv_cpu_usage: None,
                            id: None,
                        },
                    },
                    metadata: HydroIrMetadata {
                        location_kind: Tick(
                            0,
                            Process(
                                0,
                            ),
                        ),
                        output_type: Some(
                            i32,
                        ),
                        cardinality: None,
                        cpu_usage: None,
                        network_recv_cpu_usage: None,
                        id: None,
                    },
                },
                metadata: HydroIrMetadata {
                    location_kind: Tick(
                        0,
                        Process(
                            0,
                        ),
                    ),
                    output_type: Some(
                        i32,
                    ),
                    cardinality: None,
                    cpu_usage: None,
                    network_recv_cpu_usage: None,
                    id: None,
                },
            },
            metadata: HydroIrMetadata {
                location_kind: Tick(
                    0,
                    Process(
                        0,
                    ),
                ),
                output_type: Some(
                    i32,
                ),
                cardinality: None,
                cpu_usage: None,
                network_recv_cpu_usage: None,
                id: None,
            },
        },
        metadata: HydroIrMetadata {
            location_kind: Process(
                0,
            ),
            output_type: Some(
                i32,
            ),
            cardinality: None,
            cpu_usage: None,
            network_recv_cpu_usage: None,
            id: None,
        },
    },
]
